#-----------------------------------------------------------
# Vivado v2024.1 (64-bit)
# SW Build 5076996 on Wed May 22 18:37:14 MDT 2024
# IP Build 5075265 on Wed May 22 21:45:21 MDT 2024
# SharedData Build 5076995 on Wed May 22 18:29:18 MDT 2024
# Start of session at: Wed Sep 25 10:42:58 2024
# Process ID: 19688
# Current directory: C:/Users/Saurav Kumar/one_kilo_counter/one_kilo_counter.runs/synth_1
# Command line: vivado.exe -log one_kilo_counter.vds -product Vivado -mode batch -messageDb vivado.pb -notrace -source one_kilo_counter.tcl
# Log file: C:/Users/Saurav Kumar/one_kilo_counter/one_kilo_counter.runs/synth_1/one_kilo_counter.vds
# Journal file: C:/Users/Saurav Kumar/one_kilo_counter/one_kilo_counter.runs/synth_1\vivado.jou
# Running On        :Saurav
# Platform          :Windows Server 2016 or Windows 10
# Operating System  :22631
# Processor Detail  :13th Gen Intel(R) Core(TM) i5-13450HX
# CPU Frequency     :2611 MHz
# CPU Physical cores:10
# CPU Logical cores :16
# Host memory       :16873 MB
# Swap memory       :4356 MB
# Total Virtual     :21229 MB
# Available Virtual :4275 MB
#-----------------------------------------------------------
source one_kilo_counter.tcl -notrace
